acum = 12
Im in: 12
Im in: 12
Im in: 12
Im in: 12
Im in: 12
4 x 3 = 12
