x = 1
y = 1
x1 = 1
cont = 0
x1 = 1
cont = 1
x = 2
y = 1
x1 = 2
cont = 0
x1 = 2
cont = 1
x1 = 2
cont = 2
x = 3
y = 2
x1 = 3
cont = 0
x1 = 3
cont = 1
x1 = 3
cont = 2
x1 = 3
cont = 3
x = 4
y = 6
x1 = 4
cont = 0
x1 = 4
cont = 1
x1 = 4
cont = 2
x1 = 4
cont = 3
x1 = 4
cont = 4
x = 5
y = 24
x1 = 5
cont = 0
x1 = 5
cont = 1
x1 = 5
cont = 2
x1 = 5
cont = 3
x1 = 5
cont = 4
x1 = 5
cont = 5
5! = 120
