x = 1
y = 1
x = 2
y = 1
x = 3
y = 2
x = 4
y = 6
x = 5
y = 24
5! = 120
