pastito 8
verde8
NotZero = 2
True0
False1
Condicion 5
False2
verde8
